[0.124s] Invoking command in '/home/robotica/taller1_grupo15/build/turtle_bot_servcli': /usr/bin/cmake /home/robotica/taller1_grupo15/src/turtle_bot_servcli -DCMAKE_INSTALL_PREFIX=/home/robotica/taller1_grupo15/install/turtle_bot_servcli
[1.362s] -- The C compiler identification is GNU 11.3.0
[1.961s] -- The CXX compiler identification is GNU 11.3.0
[2.012s] -- Detecting C compiler ABI info
[2.338s] -- Detecting C compiler ABI info - done
[2.358s] -- Check for working C compiler: /usr/bin/cc - skipped
[2.376s] -- Detecting C compile features
[2.381s] -- Detecting C compile features - done
[2.398s] -- Detecting CXX compiler ABI info
[2.792s] -- Detecting CXX compiler ABI info - done
[2.808s] -- Check for working CXX compiler: /usr/bin/c++ - skipped
[2.809s] -- Detecting CXX compile features
[2.810s] -- Detecting CXX compile features - done
[2.832s] -- Found ament_cmake: 1.3.3 (/opt/ros/humble/share/ament_cmake/cmake)
[3.245s] -- Found Python3: /usr/bin/python3.10 (found version "3.10.6") found components: Interpreter 
[3.731s] -- Found ament_lint_auto: 0.12.4 (/opt/ros/humble/share/ament_lint_auto/cmake)
[3.858s] Error parsing '/home/robotica/taller1_grupo15/src/turtle_bot_servcli/package.xml':
[4.053s] Traceback (most recent call last):
[4.053s]   File "/usr/lib/python3/dist-packages/catkin_pkg/package.py", line 610, in parse_package_string
[4.070s]     root = dom.parseString(data)
[4.071s]   File "/usr/lib/python3.10/xml/dom/minidom.py", line 1998, in parseString
[4.075s]     return expatbuilder.parseString(string)
[4.076s]   File "/usr/lib/python3.10/xml/dom/expatbuilder.py", line 925, in parseString
[4.084s]     return builder.parseString(string)
[4.084s]   File "/usr/lib/python3.10/xml/dom/expatbuilder.py", line 223, in parseString
[4.092s]     parser.Parse(string, True)
[4.093s] xml.parsers.expat.ExpatError: junk after document element: line 20, column 0
[4.093s] 
[4.093s] During handling of the above exception, another exception occurred:
[4.093s] 
[4.093s] Traceback (most recent call last):
[4.093s]   File "/opt/ros/humble/share/ament_cmake_core/cmake/core/package_xml_2_cmake.py", line 150, in <module>
[4.093s]     main()
[4.094s]   File "/opt/ros/humble/share/ament_cmake_core/cmake/core/package_xml_2_cmake.py", line 53, in main
[4.094s]     raise e
[4.094s]   File "/opt/ros/humble/share/ament_cmake_core/cmake/core/package_xml_2_cmake.py", line 49, in main
[4.094s]     package = parse_package_string(
[4.094s]   File "/usr/lib/python3/dist-packages/catkin_pkg/package.py", line 612, in parse_package_string
[4.094s]     raise InvalidPackage('The manifest contains invalid XML:\n%s' % ex, filename)
[4.095s] catkin_pkg.package.InvalidPackage: Error(s) in package '/home/robotica/taller1_grupo15/src/turtle_bot_servcli/package.xml':
[4.095s] The manifest contains invalid XML:
[4.095s] junk after document element: line 20, column 0
[4.145s] [31mCMake Error at /opt/ros/humble/share/ament_cmake_core/cmake/core/ament_package_xml.cmake:95 (message):
[4.145s]   execute_process(/usr/bin/python3.10
[4.145s]   /opt/ros/humble/share/ament_cmake_core/cmake/core/package_xml_2_cmake.py
[4.145s]   /home/robotica/taller1_grupo15/src/turtle_bot_servcli/package.xml
[4.145s]   /home/robotica/taller1_grupo15/build/turtle_bot_servcli/ament_cmake_core/package.cmake)
[4.145s]   returned error code 1
[4.145s] Call Stack (most recent call first):
[4.146s]   /opt/ros/humble/share/ament_cmake_core/cmake/core/ament_package_xml.cmake:49 (_ament_package_xml)
[4.146s]   /opt/ros/humble/share/ament_lint_auto/cmake/ament_lint_auto_find_test_dependencies.cmake:31 (ament_package_xml)
[4.146s]   CMakeLists.txt:23 (ament_lint_auto_find_test_dependencies)
[4.146s] 
[4.146s] [0m
[4.152s] -- Configuring incomplete, errors occurred!
[4.153s] See also "/home/robotica/taller1_grupo15/build/turtle_bot_servcli/CMakeFiles/CMakeOutput.log".
[4.153s] Invoked command in '/home/robotica/taller1_grupo15/build/turtle_bot_servcli' returned '1': /usr/bin/cmake /home/robotica/taller1_grupo15/src/turtle_bot_servcli -DCMAKE_INSTALL_PREFIX=/home/robotica/taller1_grupo15/install/turtle_bot_servcli
